2025-05-23 14:37:21,694 - INFO - Utils.py:setup_logger:98 - Stdout/stderr redirected to logger 'BingX_Main'
2025-05-23 14:37:21,860 - INFO - Utils.py:flush:37 - history {'code': 0, 'msg': '', 'data': {'positionHistory': [
{'positionId': '1925884503487889408', 'symbol': 'SOL-USDT', 'isolated': True, 'positionSide': 'SHORT', 'openTime': 1748001622000, 'updateTime': 1748002583000, 'avgPrice': '177.409', 'avgClosePrice': '174.149', 'realisedProfit': '6.520', 'netProfit': '6.275', 'positionAmt': '2', 'closePositionAmt': '2', 'leverage': 5, 'closeAllPositions': True, 'positionCommission': '-0.2451126', 'totalFunding': '0'},
 {'positionId': '1925827943340392448', 'symbol': 'SOL-USDT', 'isolated': True, 'positionSide': 'LONG', 'openTime': 1747988137000, 'updateTime': 1747989512000, 'avgPrice': '183.945', 'avgClosePrice': '186.201', 'realisedProfit': '4.512', 'netProfit': '4.142', 'positionAmt': '2', 'closePositionAmt': '2', 'leverage': 5, 'closeAllPositions': True, 'positionCommission': '-0.370146', 'totalFunding': '0'}, 

{'positionId': '1925799362077868032', 'symbol': 'SOL-USDT', 'isolated': True, 'positionSide': 'SHORT', 'openTime': 1747981322000, 'updateTime': 1747984027000, 'avgPrice': '180.595', 'avgClosePrice': '181.644', 'realisedProfit': '-2.098', 'netProfit': '-2.460', 'positionAmt': '2', 'closePositionAmt': '2', 'leverage': 5, 'closeAllPositions': True, 'positionCommission': '-0.362239', 'totalFunding': '0'},
 {'positionId': '1925629233939562496', 'symbol': 'SOL-USDT', 'isolated': True, 'positionSide': 'SHORT', 'openTime': 1747940761000, 'updateTime': 1747941260000, 'avgPrice': '178.688', 'avgClosePrice': '179.219', 'realisedProfit': '-2.124', 'netProfit': '-2.733', 'positionAmt': '4', 'closePositionAmt': '4', 'leverage': 5, 'closeAllPositions': True, 'positionCommission': '-0.6085052', 'totalFunding': '0'}, {'positionId': '1925623237330550784', 'symbol': 'SOL-USDT', 'isolated': True, 'positionSide': 'LONG', 'openTime': 1747939331000, 'updateTime': 1747939605000, 'avgPrice': '179.681', 'avgClosePrice': '179.274', 'realisedProfit': '-0.814', 'netProfit': '-1.065', 'positionAmt': '2', 'closePositionAmt': '2', 'leverage': 5, 'closeAllPositions': True, 'positionCommission': '-0.2511464', 'totalFunding': '0'},
  {'positionId': '1923640648126382080', 'symbol': 'SOL-USDT', 'isolated': True, 'positionSide': 'LONG', 'openTime': 1747466645000, 'updateTime': 1747467706000, 'avgPrice': '169.559', 'avgClosePrice': '168.664', 'realisedProfit': '-1.790', 'netProfit': '-2.026', 'positionAmt': '2', 'closePositionAmt': '2', 'leverage': 5, 'closeAllPositions': True, 'positionCommission': '-0.23648759999999996', 'totalFunding': '0'}, {'positionId': '1923638090448191488', 'symbol': 'SOL-USDT', 'isolated': True, 'positionSide': 'LONG', 'openTime': 1747466035000, 'updateTime': 1747466493000, 'avgPrice': '169.500', 'avgClosePrice': '169.434', 'realisedProfit': '-0.066', 'netProfit': '-0.185', 'positionAmt': '1', 'closePositionAmt': '1', 'leverage': 5, 'closeAllPositions': True, 'positionCommission': '-0.118617', 'totalFunding': '0'}, 
  {'positionId': '1923589458739019776', 'symbol': 'SOL-USDT', 'isolated': True, 'positionSide': 'LONG', 'openTime': 1747454440000, 'updateTime': 1747465538000, 'avgPrice': '168.129', 'avgClosePrice': '168.493', 'realisedProfit': '1.460', 'netProfit': '0.989', 'positionAmt': '4', 'closePositionAmt': '4', 'leverage': 5, 'closeAllPositions': True, 'positionCommission': '-0.47148979999999996', 'totalFunding': '0'}, {'positionId': '1923549993278586880', 'symbol': 'SOL-USDT', 'isolated': True, 'positionSide': 'SHORT', 'openTime': 1747445031000, 'updateTime': 1747453320000, 'avgPrice': '165.276', 'avgClosePrice': '167.102', 'realisedProfit': '-3.652', 'netProfit': '-3.885', 'positionAmt': '2', 'closePositionAmt': '2', 'leverage': 5, 'closeAllPositions': True, 'positionCommission': '-0.23321240000000001', 'totalFunding': '0'},
  {'positionId': '1923503430200147968', 'symbol': 'SOL-USDT', 'isolated': True, 'positionSide': 'SHORT', 'openTime': 1747433929000, 'updateTime': 1747444933000, 'avgPrice': '167.444', 'avgClosePrice': '165.412', 'realisedProfit': '4.064', 'netProfit': '3.739', 'positionAmt': '2', 'closePositionAmt': '2', 'leverage': 5, 'closeAllPositions': True, 'positionCommission': '-0.332856', 'totalFunding': '0.0076989468'}, {'positionId': '1923437241998458880', 'symbol': 'SOL-USDT', 'isolated': True, 'positionSide': 'SHORT', 'openTime': 1747418168000, 'updateTime': 1747433869000, 'avgPrice': '169.805', 'avgClosePrice': '167.493', 'realisedProfit': '13.874', 'netProfit': '13.168', 'positionAmt': '6', 'closePositionAmt': '6', 'leverage': 5, 'closeAllPositions': True, 'positionCommission': '-0.7062454', 'totalFunding': '0'},
   {'positionId': '1923419648147275776', 'symbol': 'SOL-USDT', 'isolated': True, 'positionSide': 'SHORT', 'openTime': 1747413954000, 'updateTime': 1747415832000, 'avgPrice': '170.355', 'avgClosePrice': '171.528', 'realisedProfit': '-2.346', 'netProfit': '-2.586', 'positionAmt': '2', 'closePositionAmt': '2', 'leverage': 5, 'closeAllPositions': True, 'positionCommission': '-0.23967', 'totalFunding': '0'}]}}
2025-05-23 18:15:31,763 - INFO - Utils.py:setup_logger:98 - Stdout/stderr redirected to logger 'BingX_Main'
2025-05-23 18:15:31,764 - ERROR - Utils.py:flush:37 - Traceback (most recent call last):
2025-05-23 18:15:31,764 - ERROR - Utils.py:flush:37 -   File "/home/ubuntu/CRYPTOCODE/code/main.py", line 62, in <module>
2025-05-23 18:15:31,764 - ERROR - Utils.py:flush:37 -     cd = decrypt_api_credentials(abc['credentials']['api_key'],abc['credentials']['secret_key'])
2025-05-23 18:15:31,764 - ERROR - Utils.py:flush:37 -          ^^^^^^^^^^^^^^^^^^^^^^^^^^^^^^^^^^^^^^^^^^^^^^^^^^^^^^^^^^^^^^^^^^^^^^^^^^^^^^^^^^^^^^^
2025-05-23 18:15:31,764 - ERROR - Utils.py:flush:37 -   File "/home/ubuntu/CRYPTOCODE/code/main.py", line 19, in decrypt_api_credentials
2025-05-23 18:15:31,764 - ERROR - Utils.py:flush:37 -     "api_key": fernet.decrypt(base64.urlsafe_b64decode(encrypted_key_b64.encode('utf-8'))).decode('utf-8'),
2025-05-23 18:15:31,764 - ERROR - Utils.py:flush:37 -                ^^^^^^
2025-05-23 18:15:31,764 - ERROR - Utils.py:flush:37 - NameError: name 'fernet' is not defined
2025-05-23 18:17:49,430 - INFO - Utils.py:setup_logger:98 - Stdout/stderr redirected to logger 'BingX_Main'
2025-05-23 18:17:49,432 - ERROR - Utils.py:flush:37 - Traceback (most recent call last):
2025-05-23 18:17:49,432 - ERROR - Utils.py:flush:37 -   File "/home/ubuntu/CRYPTOCODE/code/main.py", line 131, in <module>
2025-05-23 18:17:49,432 - ERROR - Utils.py:flush:37 -     ph = client.get_position(symbol="ETH-USDT")
2025-05-23 18:17:49,432 - ERROR - Utils.py:flush:37 -          ^^^^^^^^^^^^^^^^^^^
2025-05-23 18:17:49,432 - ERROR - Utils.py:flush:37 - AttributeError: 'BingXClient' object has no attribute 'get_position'. Did you mean: 'get_positions'?
2025-05-23 18:18:13,562 - INFO - Utils.py:setup_logger:98 - Stdout/stderr redirected to logger 'BingX_Main'
2025-05-23 18:18:13,740 - INFO - Utils.py:flush:37 - history {'code': 0, 'msg': '', 'data': []}
2025-05-23 18:18:49,449 - INFO - Utils.py:setup_logger:98 - Stdout/stderr redirected to logger 'BingX_Main'
2025-05-23 18:18:49,552 - ERROR - Utils.py:flush:37 - Traceback (most recent call last):
2025-05-23 18:18:49,552 - ERROR - Utils.py:flush:37 -   File "/home/ubuntu/CRYPTOCODE/code/BgxClient.py", line 359, in send_request
2025-05-23 18:18:49,552 - ERROR - Utils.py:flush:37 -     response.raise_for_status()
2025-05-23 18:18:49,552 - ERROR - Utils.py:flush:37 -   File "/home/ubuntu/venv/lib/python3.12/site-packages/requests/models.py", line 1024, in raise_for_status
2025-05-23 18:18:49,553 - ERROR - Utils.py:flush:37 -     raise HTTPError(http_error_msg, response=self)
2025-05-23 18:18:49,553 - ERROR - Utils.py:flush:37 - requests.exceptions.HTTPError: 429 Client Error: Too Many Requests for url: https://open-api.bingx.com/openApi/swap/v1/trade/positionHistory?recvWindow=5000&limit=500&symbol=ETH-USDT&startTs=1745432329450&endTs=1748024329450&timestamp=1748024329450&signature=b84290949102e1548c63ea5030bce69a5e56533f7298cea10892e9f69cf7f5a7
2025-05-23 18:18:49,553 - ERROR - Utils.py:flush:37 - The above exception was the direct cause of the following exception:
2025-05-23 18:18:49,553 - ERROR - Utils.py:flush:37 - Traceback (most recent call last):
2025-05-23 18:18:49,553 - ERROR - Utils.py:flush:37 -   File "/home/ubuntu/CRYPTOCODE/code/main.py", line 131, in <module>
2025-05-23 18:18:49,553 - ERROR - Utils.py:flush:37 -     ph = client.get_position_history(symbol="ETH-USDT")
2025-05-23 18:18:49,553 - ERROR - Utils.py:flush:37 -          ^^^^^^^^^^^^^^^^^^^^^^^^^^^^^^^^^^^^^^^^^^^^^^
2025-05-23 18:18:49,553 - ERROR - Utils.py:flush:37 -   File "/home/ubuntu/CRYPTOCODE/code/BgxClient.py", line 1075, in get_position_history
2025-05-23 18:18:49,553 - ERROR - Utils.py:flush:37 -     return self.send_request('GET', url, params=params)
2025-05-23 18:18:49,553 - ERROR - Utils.py:flush:37 -            ^^^^^^^^^^^^^^^^^^^^^^^^^^^^^^^^^^^^^^^^^^^^
2025-05-23 18:18:49,553 - ERROR - Utils.py:flush:37 -   File "/home/ubuntu/CRYPTOCODE/code/BgxClient.py", line 371, in send_request
2025-05-23 18:18:49,553 - ERROR - Utils.py:flush:37 -     raise BingXRequestError(f"Request failed: {str(e)}") from e
2025-05-23 18:18:49,553 - ERROR - Utils.py:flush:37 - BgxClient.BingXRequestError: Request failed: 429 Client Error: Too Many Requests for url: https://open-api.bingx.com/openApi/swap/v1/trade/positionHistory?recvWindow=5000&limit=500&symbol=ETH-USDT&startTs=1745432329450&endTs=1748024329450&timestamp=1748024329450&signature=b84290949102e1548c63ea5030bce69a5e56533f7298cea10892e9f69cf7f5a7
2025-05-24 09:28:19,529 - INFO - Utils.py:setup_logger:98 - Stdout/stderr redirected to logger 'BingX_Main'
2025-05-24 09:28:19,726 - INFO - Utils.py:flush:37 - {'code': 0, 'msg': '', 'data': {'positionHistory': [{'positionId': '1926200841624305664', 'symbol': 'SOL-USDT', 'isolated': True, 'positionSide': 'LONG', 'openTime': 1748077042000, 'updateTime': 1748078207000, 'avgPrice': '174.671', 'avgClosePrice': '174.795', 'realisedProfit': '0.744', 'netProfit': '-0.304', 'positionAmt': '6', 'closePositionAmt': '6', 'leverage': 20, 'closeAllPositions': True, 'positionCommission': '-1.048398', 'totalFunding': '0'}, {'positionId': '1926175918709227520', 'symbol': 'SOL-USDT', 'isolated': True, 'positionSide': 'LONG', 'openTime': 1748071100000, 'updateTime': 1748071874000, 'avgPrice': '175.183', 'avgClosePrice': '174.716', 'realisedProfit': '-2.802', 'netProfit': '-3.852', 'positionAmt': '6', 'closePositionAmt': '6', 'leverage': 20, 'closeAllPositions': True, 'positionCommission': '-1.049697', 'totalFunding': '0'}, {'positionId': '1925926082370027520', 'symbol': 'SOL-USDT', 'isolated': True, 'positionSide': 'LONG', 'openTime': 1748011535000, 'updateTime': 1748016996000, 'avgPrice': '181.450', 'avgClosePrice': '179.487', 'realisedProfit': '-3.926', 'netProfit': '-4.322', 'positionAmt': '2', 'closePositionAmt': '2', 'leverage': 5, 'closeAllPositions': True, 'positionCommission': '-0.360937', 'totalFunding': '-0.0353975764'}, {'positionId': '1925884503487889408', 'symbol': 'SOL-USDT', 'isolated': True, 'positionSide': 'SHORT', 'openTime': 1748001622000, 'updateTime': 1748002583000, 'avgPrice': '177.409', 'avgClosePrice': '174.149', 'realisedProfit': '6.520', 'netProfit': '6.275', 'positionAmt': '2', 'closePositionAmt': '2', 'leverage': 5, 'closeAllPositions': True, 'positionCommission': '-0.2451126', 'totalFunding': '0'}, {'positionId': '1925827943340392448', 'symbol': 'SOL-USDT', 'isolated': True, 'positionSide': 'LONG', 'openTime': 1747988137000, 'updateTime': 1747989512000, 'avgPrice': '183.945', 'avgClosePrice': '186.201', 'realisedProfit': '4.512', 'netProfit': '4.142', 'positionAmt': '2', 'closePositionAmt': '2', 'leverage': 5, 'closeAllPositions': True, 'positionCommission': '-0.370146', 'totalFunding': '0'}, {'positionId': '1925799362077868032', 'symbol': 'SOL-USDT', 'isolated': True, 'positionSide': 'SHORT', 'openTime': 1747981322000, 'updateTime': 1747984027000, 'avgPrice': '180.595', 'avgClosePrice': '181.644', 'realisedProfit': '-2.098', 'netProfit': '-2.460', 'positionAmt': '2', 'closePositionAmt': '2', 'leverage': 5, 'closeAllPositions': True, 'positionCommission': '-0.362239', 'totalFunding': '0'}, {'positionId': '1925629233939562496', 'symbol': 'SOL-USDT', 'isolated': True, 'positionSide': 'SHORT', 'openTime': 1747940761000, 'updateTime': 1747941260000, 'avgPrice': '178.688', 'avgClosePrice': '179.219', 'realisedProfit': '-2.124', 'netProfit': '-2.733', 'positionAmt': '4', 'closePositionAmt': '4', 'leverage': 5, 'closeAllPositions': True, 'positionCommission': '-0.6085052', 'totalFunding': '0'}, {'positionId': '1925623237330550784', 'symbol': 'SOL-USDT', 'isolated': True, 'positionSide': 'LONG', 'openTime': 1747939331000, 'updateTime': 1747939605000, 'avgPrice': '179.681', 'avgClosePrice': '179.274', 'realisedProfit': '-0.814', 'netProfit': '-1.065', 'positionAmt': '2', 'closePositionAmt': '2', 'leverage': 5, 'closeAllPositions': True, 'positionCommission': '-0.2511464', 'totalFunding': '0'}, {'positionId': '1923640648126382080', 'symbol': 'SOL-USDT', 'isolated': True, 'positionSide': 'LONG', 'openTime': 1747466645000, 'updateTime': 1747467706000, 'avgPrice': '169.559', 'avgClosePrice': '168.664', 'realisedProfit': '-1.790', 'netProfit': '-2.026', 'positionAmt': '2', 'closePositionAmt': '2', 'leverage': 5, 'closeAllPositions': True, 'positionCommission': '-0.23648759999999996', 'totalFunding': '0'}, {'positionId': '1923638090448191488', 'symbol': 'SOL-USDT', 'isolated': True, 'positionSide': 'LONG', 'openTime': 1747466035000, 'updateTime': 1747466493000, 'avgPrice': '169.500', 'avgClosePrice': '169.434', 'realisedProfit': '-0.066', 'netProfit': '-0.185', 'positionAmt': '1', 'closePositionAmt': '1', 'leverage': 5, 'closeAllPositions': True, 'positionCommission': '-0.118617', 'totalFunding': '0'}, {'positionId': '1923589458739019776', 'symbol': 'SOL-USDT', 'isolated': True, 'positionSide': 'LONG', 'openTime': 1747454440000, 'updateTime': 1747465538000, 'avgPrice': '168.129', 'avgClosePrice': '168.493', 'realisedProfit': '1.460', 'netProfit': '0.989', 'positionAmt': '4', 'closePositionAmt': '4', 'leverage': 5, 'closeAllPositions': True, 'positionCommission': '-0.47148979999999996', 'totalFunding': '0'}, {'positionId': '1923549993278586880', 'symbol': 'SOL-USDT', 'isolated': True, 'positionSide': 'SHORT', 'openTime': 1747445031000, 'updateTime': 1747453320000, 'avgPrice': '165.276', 'avgClosePrice': '167.102', 'realisedProfit': '-3.652', 'netProfit': '-3.885', 'positionAmt': '2', 'closePositionAmt': '2', 'leverage': 5, 'closeAllPositions': True, 'positionCommission': '-0.23321240000000001', 'totalFunding': '0'}, {'positionId': '1923503430200147968', 'symbol': 'SOL-USDT', 'isolated': True, 'positionSide': 'SHORT', 'openTime': 1747433929000, 'updateTime': 1747444933000, 'avgPrice': '167.444', 'avgClosePrice': '165.412', 'realisedProfit': '4.064', 'netProfit': '3.739', 'positionAmt': '2', 'closePositionAmt': '2', 'leverage': 5, 'closeAllPositions': True, 'positionCommission': '-0.332856', 'totalFunding': '0.0076989468'}, {'positionId': '1923437241998458880', 'symbol': 'SOL-USDT', 'isolated': True, 'positionSide': 'SHORT', 'openTime': 1747418168000, 'updateTime': 1747433869000, 'avgPrice': '169.805', 'avgClosePrice': '167.493', 'realisedProfit': '13.874', 'netProfit': '13.168', 'positionAmt': '6', 'closePositionAmt': '6', 'leverage': 5, 'closeAllPositions': True, 'positionCommission': '-0.7062454', 'totalFunding': '0'}, {'positionId': '1923419648147275776', 'symbol': 'SOL-USDT', 'isolated': True, 'positionSide': 'SHORT', 'openTime': 1747413954000, 'updateTime': 1747415832000, 'avgPrice': '170.355', 'avgClosePrice': '171.528', 'realisedProfit': '-2.346', 'netProfit': '-2.586', 'positionAmt': '2', 'closePositionAmt': '2', 'leverage': 5, 'closeAllPositions': True, 'positionCommission': '-0.23967', 'totalFunding': '0'}, {'positionId': '1923332769850802176', 'symbol': 'SOL-USDT', 'isolated': True, 'positionSide': 'LONG', 'openTime': 1747393241000, 'updateTime': 1747396794000, 'avgPrice': '173.056', 'avgClosePrice': '172.711', 'realisedProfit': '-0.690', 'netProfit': '-0.932', 'positionAmt': '2', 'closePositionAmt': '2', 'leverage': 5, 'closeAllPositions': True, 'positionCommission': '-0.24193340000000002', 'totalFunding': '0'}, {'positionId': '1923301966496350208', 'symbol': 'SOL-USDT', 'isolated': True, 'positionSide': 'SHORT', 'openTime': 1747385897000, 'updateTime': 1747386747000, 'avgPrice': '170.118', 'avgClosePrice': '171.138', 'realisedProfit': '-2.041', 'netProfit': '-2.382', 'positionAmt': '2', 'closePositionAmt': '2', 'leverage': 5, 'closeAllPositions': True, 'positionCommission': '-0.34125649999999996', 'totalFunding': '0'}, {'positionId': '1923298719232638976', 'symbol': 'SOL-USDT', 'isolated': True, 'positionSide': 'SHORT', 'openTime': 1747385123000, 'updateTime': 1747385517000, 'avgPrice': '170.061', 'avgClosePrice': '169.883', 'realisedProfit': '0.356', 'netProfit': '0.118', 'positionAmt': '2', 'closePositionAmt': '2', 'leverage': 5, 'closeAllPositions': True, 'positionCommission': '-0.23790740000000002', 'totalFunding': '0'}, {'positionId': '1923253456405217280', 'symbol': 'SOL-USDT', 'isolated': True, 'positionSide': 'LONG', 'openTime': 1747374331000, 'updateTime': 1747378631000, 'avgPrice': '173.322', 'avgClosePrice': '172.517', 'realisedProfit': '-1.610', 'netProfit': '-1.852', 'positionAmt': '2', 'closePositionAmt': '2', 'leverage': 5, 'closeAllPositions': True, 'positionCommission': '-0.2418458', 'totalFunding': '0'}, {'positionId': '1923086647672651776', 'symbol': 'SOL-USDT', 'isolated': True, 'positionSide': 'SHORT', 'openTime': 1747334561000, 'updateTime': 1747335137000, 'avgPrice': '169.900', 'avgClosePrice': '169.644', 'realisedProfit': '0.256', 'netProfit': '0.137', 'positionAmt': '1', 'closePositionAmt': '1', 'leverage': 5, 'closeAllPositions': True, 'positionCommission': '-0.11880200000000002', 'totalFunding': '0'}, {'positionId': '1923082314121953280', 'symbol': 'SOL-USDT', 'isolated': True, 'positionSide': 'SHORT', 'openTime': 1747333528000, 'updateTime': 1747334334000, 'avgPrice': '171.291', 'avgClosePrice': '169.460', 'realisedProfit': '3.662', 'netProfit': '3.424', 'positionAmt': '2', 'closePositionAmt': '2', 'leverage': 5, 'closeAllPositions': True, 'positionCommission': '-0.2379764', 'totalFunding': '0'}, {'positionId': '1923063120147988480', 'symbol': 'SOL-USDT', 'isolated': True, 'positionSide': 'LONG', 'openTime': 1747328951000, 'updateTime': 1747333557000, 'avgPrice': '173.004', 'avgClosePrice': '171.194', 'realisedProfit': '-3.620', 'netProfit': '-3.860', 'positionAmt': '2', 'closePositionAmt': '2', 'leverage': 5, 'closeAllPositions': True, 'positionCommission': '-0.2403956', 'totalFunding': '0'}, {'positionId': '1923061575796867072', 'symbol': 'SOL-USDT', 'isolated': True, 'positionSide': 'LONG', 'openTime': 1747328583000, 'updateTime': 1747328780000, 'avgPrice': '173.502', 'avgClosePrice': '173.035', 'realisedProfit': '-0.934', 'netProfit': '-1.176', 'positionAmt': '2', 'closePositionAmt': '2', 'leverage': 5, 'closeAllPositions': True, 'positionCommission': '-0.2424358', 'totalFunding': '0'}, {'positionId': '1923059846070091776', 'symbol': 'SOL-USDT', 'isolated': True, 'positionSide': 'LONG', 'openTime': 1747328171000, 'updateTime': 1747328405000, 'avgPrice': '173.338', 'avgClosePrice': '173.824', 'realisedProfit': '0.972', 'netProfit': '0.729', 'positionAmt': '2', 'closePositionAmt': '2', 'leverage': 5, 'closeAllPositions': True, 'positionCommission': '-0.24315920000000002', 'totalFunding': '0'}, {'positionId': '1922895779846111232', 'symbol': 'SOL-USDT', 'isolated': True, 'positionSide': 'SHORT', 'openTime': 1747289054000, 'updateTime': 1747293109000, 'avgPrice': '173.772', 'avgClosePrice': '172.177', 'realisedProfit': '3.190', 'netProfit': '2.948', 'positionAmt': '2', 'closePositionAmt': '2', 'leverage': 5, 'closeAllPositions': True, 'positionCommission': '-0.2416858', 'totalFunding': '0'}, {'positionId': '1922893582878064640', 'symbol': 'SOL-USDT', 'isolated': True, 'positionSide': 'SHORT', 'openTime': 1747288530000, 'updateTime': 1747288894000, 'avgPrice': '172.813', 'avgClosePrice': '173.190', 'realisedProfit': '-0.754', 'netProfit': '-0.996', 'positionAmt': '2', 'closePositionAmt': '2', 'leverage': 5, 'closeAllPositions': True, 'positionCommission': '-0.2423152', 'totalFunding': '0'}, {'positionId': '1922889756829761536', 'symbol': 'SOL-USDT', 'isolated': True, 'positionSide': 'SHORT', 'openTime': 1747287618000, 'updateTime': 1747288364000, 'avgPrice': '173.341', 'avgClosePrice': '173.257', 'realisedProfit': '0.168', 'netProfit': '-0.075', 'positionAmt': '2', 'closePositionAmt': '2', 'leverage': 5, 'closeAllPositions': True, 'positionCommission': '-0.24259340000000001', 'totalFunding': '0'}, {'positionId': '1922887496104099840', 'symbol': 'SOL-USDT', 'isolated': True, 'positionSide': 'SHORT', 'openTime': 1747287079000, 'updateTime': 1747287475000, 'avgPrice': '174.281', 'avgClosePrice': '173.446', 'realisedProfit': '1.670', 'netProfit': '1.427', 'positionAmt': '2', 'closePositionAmt': '2', 'leverage': 5, 'closeAllPositions': True, 'positionCommission': '-0.2431584', 'totalFunding': '0'}, {'positionId': '1922883923999932416', 'symbol': 'SOL-USDT', 'isolated': True, 'positionSide': 'SHORT', 'openTime': 1747286228000, 'updateTime': 1747286668000, 'avgPrice': '173.994', 'avgClosePrice': '173.798', 'realisedProfit': '0.784', 'netProfit': '0.088', 'positionAmt': '4', 'closePositionAmt': '4', 'leverage': 5, 'closeAllPositions': True, 'positionCommission': '-0.695584', 'totalFunding': '0'}, {'positionId': '1922864799886295040', 'symbol': 'SOL-USDT', 'isolated': True, 'positionSide': 'SHORT', 'openTime': 1747281668000, 'updateTime': 1747282265000, 'avgPrice': '174.078', 'avgClosePrice': '174.403', 'realisedProfit': '-2.275', 'netProfit': '-3.129', 'positionAmt': '7', 'closePositionAmt': '7', 'leverage': 5, 'closeAllPositions': True, 'positionCommission': '-0.8541197', 'totalFunding': '0'}, {'positionId': '1922749428005027840', 'symbol': 'SOL-USDT', 'isolated': True, 'positionSide': 'LONG', 'openTime': 1747254161000, 'updateTime': 1747254640000, 'avgPrice': '177.147', 'avgClosePrice': '177.008', 'realisedProfit': '-0.973', 'netProfit': '-1.841', 'positionAmt': '7', 'closePositionAmt': '7', 'leverage': 5, 'closeAllPositions': True, 'positionCommission': '-0.8675338000000001', 'totalFunding': '0'}, {'positionId': '1922746009227837440', 'symbol': 'SOL-USDT', 'isolated': True, 'positionSide': 'SHORT', 'openTime': 1747253346000, 'updateTime': 1747253846000, 'avgPrice': '176.687', 'avgClosePrice': '176.806', 'realisedProfit': '-0.833', 'netProfit': '-1.699', 'positionAmt': '7', 'closePositionAmt': '7', 'leverage': 5, 'closeAllPositions': True, 'positionCommission': '-0.8661828000000001', 'totalFunding': '0'}, {'positionId': '1922741289159442432', 'symbol': 'SOL-USDT', 'isolated': True, 'positionSide': 'LONG', 'openTime': 1747252221000, 'updateTime': 1747252365000, 'avgPrice': '177.500', 'avgClosePrice': '177.270', 'realisedProfit': '-3.220', 'netProfit': '-5.703', 'positionAmt': '14', 'closePositionAmt': '14', 'leverage': 5, 'closeAllPositions': True, 'positionCommission': '-2.48339', 'totalFunding': '0'}, {'positionId': '1922610089287696384', 'symbol': 'SOL-USDT', 'isolated': True, 'positionSide': 'LONG', 'openTime': 1747220940000, 'updateTime': 1747223443000, 'avgPrice': '180.463', 'avgClosePrice': '181.257', 'realisedProfit': '0.794', 'netProfit': '0.613', 'positionAmt': '1', 'closePositionAmt': '1', 'leverage': 5, 'closeAllPositions': True, 'positionCommission': '-0.18086', 'totalFunding': '0'}, {'positionId': '1922607900867641344', 'symbol': 'SOL-USDT', 'isolated': True, 'positionSide': 'SHORT', 'openTime': 1747220419000, 'updateTime': 1747220839000, 'avgPrice': '179.500', 'avgClosePrice': '180.325', 'realisedProfit': '-0.825', 'netProfit': '-0.951', 'positionAmt': '1', 'closePositionAmt': '1', 'leverage': 5, 'closeAllPositions': True, 'positionCommission': '-0.1260625', 'totalFunding': '0'}, {'positionId': '1922552551590543360', 'symbol': 'SOL-USDT', 'isolated': True, 'positionSide': 'SHORT', 'openTime': 1747207222000, 'updateTime': 1747207951000, 'avgPrice': '182.564', 'avgClosePrice': '181.052', 'realisedProfit': '1.512', 'netProfit': '1.330', 'positionAmt': '1', 'closePositionAmt': '1', 'leverage': 5, 'closeAllPositions': True, 'positionCommission': '-0.181808', 'totalFunding': '0'}, {'positionId': '1922522696983461888', 'symbol': 'SOL-USDT', 'isolated': True, 'positionSide': 'LONG', 'openTime': 1747200104000, 'updateTime': 1747205991000, 'avgPrice': '181.595', 'avgClosePrice': '183.683', 'realisedProfit': '2.088', 'netProfit': '1.905', 'positionAmt': '1', 'closePositionAmt': '1', 'leverage': 5, 'closeAllPositions': True, 'positionCommission': '-0.182639', 'totalFunding': '0'}, {'positionId': '1922368656253337600', 'symbol': 'SOL-USDT', 'isolated': True, 'positionSide': 'LONG', 'openTime': 1747163378000, 'updateTime': 1747163679000, 'avgPrice': '178.472', 'avgClosePrice': '178.861', 'realisedProfit': '0.778', 'netProfit': '0.421', 'positionAmt': '2', 'closePositionAmt': '2', 'leverage': 5, 'closeAllPositions': True, 'positionCommission': '-0.357333', 'totalFunding': '0'}, {'positionId': '1922366997380939776', 'symbol': 'SOL-USDT', 'isolated': True, 'positionSide': 'LONG', 'openTime': 1747162983000, 'updateTime': 1747163316000, 'avgPrice': '178.794', 'avgClosePrice': '178.392', 'realisedProfit': '-0.804', 'netProfit': '-1.161', 'positionAmt': '2', 'closePositionAmt': '2', 'leverage': 5, 'closeAllPositions': True, 'positionCommission': '-0.357186', 'totalFunding': '0'}, {'positionId': '1922365739840520192', 'symbol': 'SOL-USDT', 'isolated': True, 'positionSide': 'SHORT', 'openTime': 1747162683000, 'updateTime': 1747162887000, 'avgPrice': '178.948', 'avgClosePrice': '178.981', 'realisedProfit': '-0.033', 'netProfit': '-0.212', 'positionAmt': '1', 'closePositionAmt': '1', 'leverage': 5, 'closeAllPositions': True, 'positionCommission': '-0.17896450000000003', 'totalFunding': '0'}, {'positionId': '1922364380705669120', 'symbol': 'SOL-USDT', 'isolated': True, 'positionSide': 'LONG', 'openTime': 1747162359000, 'updateTime': 1747162529000, 'avgPrice': '178.947', 'avgClosePrice': '178.685', 'realisedProfit': '-0.262', 'netProfit': '-0.441', 'positionAmt': '1', 'closePositionAmt': '1', 'leverage': 5, 'closeAllPositions': True, 'positionCommission': '-0.178816', 'totalFunding': '0'}, {'positionId': '1922343882009559040', 'symbol': 'SOL-USDT', 'isolated': False, 'positionSide': 'SHORT', 'openTime': 1747157472000, 'updateTime': 1747157703000, 'avgPrice': '177.100', 'avgClosePrice': '176.868', 'realisedProfit': '0.232', 'netProfit': '0.108', 'positionAmt': '1', 'closePositionAmt': '1', 'leverage': 20, 'closeAllPositions': True, 'positionCommission': '-0.12385399999999999', 'totalFunding': '0'}, {'positionId': '1922337759164579840', 'symbol': 'SOL-USDT', 'isolated': True, 'positionSide': 'LONG', 'openTime': 1747156012000, 'updateTime': 1747156892000, 'avgPrice': '176.940', 'avgClosePrice': '177.245', 'realisedProfit': '0.305', 'netProfit': '0.181', 'positionAmt': '1', 'closePositionAmt': '1', 'leverage': 20, 'closeAllPositions': True, 'positionCommission': '-0.12401050000000001', 'totalFunding': '0'}, {'positionId': '1920528609145208832', 'symbol': 'SOL-USDT', 'isolated': True, 'positionSide': 'LONG', 'openTime': 1746724677000, 'updateTime': 1746725424000, 'avgPrice': '159.996', 'avgClosePrice': '159.814', 'realisedProfit': '-0.182', 'netProfit': '-0.342', 'positionAmt': '1', 'closePositionAmt': '1', 'leverage': 20, 'closeAllPositions': True, 'positionCommission': '-0.159905', 'totalFunding': '0'}]}}
2025-05-24 09:28:19,727 - INFO - Utils.py:flush:37 - ======================================================
2025-05-24 09:28:19,823 - INFO - Utils.py:flush:37 - {'code': 0, 'msg': '', 'data': {'positionHistory': [{'positionId': '1925946156552241152', 'symbol': 'ETH-USDT', 'isolated': True, 'positionSide': 'SHORT', 'openTime': 1748016321000, 'updateTime': 1748022415000, 'avgPrice': '2562.75', 'avgClosePrice': '2577.42', 'realisedProfit': '-45.75', 'netProfit': '-53.77', 'positionAmt': '312.00', 'closePositionAmt': '312.00', 'leverage': 20, 'closeAllPositions': True, 'positionCommission': '-8.01867265', 'totalFunding': '0'}]}}
2025-05-24 09:28:19,823 - INFO - Utils.py:flush:37 - ======================================================
2025-05-24 09:28:19,925 - INFO - Utils.py:flush:37 - {'code': 0, 'msg': '', 'data': {'positionHistory': [{'positionId': '1926133641353838592', 'symbol': 'BTC-USDT', 'isolated': True, 'positionSide': 'LONG', 'openTime': 1748061023000, 'updateTime': 1748063870000, 'avgPrice': '108400.0', 'avgClosePrice': '108224.6', 'realisedProfit': '-4.9', 'netProfit': '-7.0', 'positionAmt': '280.0000', 'closePositionAmt': '280.0000', 'leverage': 20, 'closeAllPositions': True, 'positionCommission': '-2.1221844', 'totalFunding': '0'}]}}
2025-05-24 09:28:19,925 - INFO - Utils.py:flush:37 - ======================================================
2025-05-24 09:59:23,393 - INFO - Utils.py:setup_logger:98 - Stdout/stderr redirected to logger 'BingX_Main'
2025-05-24 09:59:23,501 - INFO - Utils.py:flush:37 - 'google_id'
2025-05-24 10:02:33,259 - INFO - Utils.py:setup_logger:98 - Stdout/stderr redirected to logger 'BingX_Main'
2025-05-24 10:03:46,557 - INFO - Utils.py:setup_logger:98 - Stdout/stderr redirected to logger 'BingX_Main'
